Processing /app/data/keypoints/logs/misunderstood-wood-95/checkpoints/net_38300.pth
SETUP IS COMPLETE!!!!!!!!!!!!!!!!
dataset size 807
tensor(0.7359, device='cuda:0')
Normalization mode: shape_bbox
Normalization mode: shape_bbox


[WARNING]
  * EMD is not implemented due to GPU compatibility issue.
  * We will set all EMD to zero by default.
  * You may implement your own EMD in the function `emd_approx` in ./evaluation/evaluation_metrics.py


{'MMD-CD': tensor(0.0027, device='cuda:0', dtype=torch.float64), 'MMD-EMD': tensor(0., device='cuda:0', dtype=torch.float64)}
[1;34mwandb[0m: 
[1;34mwandb[0m: 🚀 View run [33mdainty-field-1715[0m at: [34mhttps://wandb.ai/rhys-newbury/diffuse_keypoints_test/runs/bp3xqbyt[0m
[1;34mwandb[0m: Find logs at: [1;35mwandb/run-20250402_014136-bp3xqbyt/logs[0m
Processing /app/data/keypoints/logs/misunderstood-wood-95/checkpoints/net_38200.pth
SETUP IS COMPLETE!!!!!!!!!!!!!!!!
dataset size 807
tensor(0.7162, device='cuda:0')
Normalization mode: shape_bbox
Normalization mode: shape_bbox


[WARNING]
  * EMD is not implemented due to GPU compatibility issue.
  * We will set all EMD to zero by default.
  * You may implement your own EMD in the function `emd_approx` in ./evaluation/evaluation_metrics.py


{'MMD-CD': tensor(0.0026, device='cuda:0', dtype=torch.float64), 'MMD-EMD': tensor(0., device='cuda:0', dtype=torch.float64)}
[1;34mwandb[0m: 
[1;34mwandb[0m: 🚀 View run [33mjolly-spaceship-1716[0m at: [34mhttps://wandb.ai/rhys-newbury/diffuse_keypoints_test/runs/hu214iqo[0m
[1;34mwandb[0m: Find logs at: [1;35mwandb/run-20250402_014601-hu214iqo/logs[0m
Processing /app/data/keypoints/logs/misunderstood-wood-95/checkpoints/net_38100.pth
SETUP IS COMPLETE!!!!!!!!!!!!!!!!
dataset size 807
tensor(0.6904, device='cuda:0')
Normalization mode: shape_bbox
Normalization mode: shape_bbox


[WARNING]
  * EMD is not implemented due to GPU compatibility issue.
  * We will set all EMD to zero by default.
  * You may implement your own EMD in the function `emd_approx` in ./evaluation/evaluation_metrics.py


{'MMD-CD': tensor(0.0029, device='cuda:0', dtype=torch.float64), 'MMD-EMD': tensor(0., device='cuda:0', dtype=torch.float64)}
[1;34mwandb[0m: 
[1;34mwandb[0m: 🚀 View run [33mdulcet-water-1717[0m at: [34mhttps://wandb.ai/rhys-newbury/diffuse_keypoints_test/runs/7vignyfv[0m
[1;34mwandb[0m: Find logs at: [1;35mwandb/run-20250402_015023-7vignyfv/logs[0m
Processing /app/data/keypoints/logs/misunderstood-wood-95/checkpoints/net_38000.pth
SETUP IS COMPLETE!!!!!!!!!!!!!!!!
dataset size 807
tensor(0.6862, device='cuda:0')
Normalization mode: shape_bbox
Normalization mode: shape_bbox


[WARNING]
  * EMD is not implemented due to GPU compatibility issue.
  * We will set all EMD to zero by default.
  * You may implement your own EMD in the function `emd_approx` in ./evaluation/evaluation_metrics.py


{'MMD-CD': tensor(0.0030, device='cuda:0', dtype=torch.float64), 'MMD-EMD': tensor(0., device='cuda:0', dtype=torch.float64)}
[1;34mwandb[0m: 
[1;34mwandb[0m: 🚀 View run [33mupbeat-moon-1718[0m at: [34mhttps://wandb.ai/rhys-newbury/diffuse_keypoints_test/runs/0ivx3mu7[0m
[1;34mwandb[0m: Find logs at: [1;35mwandb/run-20250402_015445-0ivx3mu7/logs[0m
Processing /app/data/keypoints/logs/misunderstood-wood-95/checkpoints/net_37900.pth
SETUP IS COMPLETE!!!!!!!!!!!!!!!!
dataset size 807
tensor(0.6990, device='cuda:0')
Normalization mode: shape_bbox
Normalization mode: shape_bbox


[WARNING]
  * EMD is not implemented due to GPU compatibility issue.
  * We will set all EMD to zero by default.
  * You may implement your own EMD in the function `emd_approx` in ./evaluation/evaluation_metrics.py


{'MMD-CD': tensor(0.0028, device='cuda:0', dtype=torch.float64), 'MMD-EMD': tensor(0., device='cuda:0', dtype=torch.float64)}
[1;34mwandb[0m: 
[1;34mwandb[0m: 🚀 View run [33mclean-dragon-1719[0m at: [34mhttps://wandb.ai/rhys-newbury/diffuse_keypoints_test/runs/pda7cebu[0m
[1;34mwandb[0m: Find logs at: [1;35mwandb/run-20250402_015916-pda7cebu/logs[0m
Processing /app/data/keypoints/logs/misunderstood-wood-95/checkpoints/net_37800.pth
SETUP IS COMPLETE!!!!!!!!!!!!!!!!
dataset size 807
tensor(0.7182, device='cuda:0')
Normalization mode: shape_bbox
Normalization mode: shape_bbox


[WARNING]
  * EMD is not implemented due to GPU compatibility issue.
  * We will set all EMD to zero by default.
  * You may implement your own EMD in the function `emd_approx` in ./evaluation/evaluation_metrics.py


{'MMD-CD': tensor(0.0029, device='cuda:0', dtype=torch.float64), 'MMD-EMD': tensor(0., device='cuda:0', dtype=torch.float64)}
[1;34mwandb[0m: 
[1;34mwandb[0m: 🚀 View run [33mcosmic-disco-1720[0m at: [34mhttps://wandb.ai/rhys-newbury/diffuse_keypoints_test/runs/u0daal75[0m
[1;34mwandb[0m: Find logs at: [1;35mwandb/run-20250402_020338-u0daal75/logs[0m
Processing /app/data/keypoints/logs/misunderstood-wood-95/checkpoints/net_37700.pth
SETUP IS COMPLETE!!!!!!!!!!!!!!!!
dataset size 807
tensor(0.7066, device='cuda:0')
Normalization mode: shape_bbox
Normalization mode: shape_bbox


[WARNING]
  * EMD is not implemented due to GPU compatibility issue.
  * We will set all EMD to zero by default.
  * You may implement your own EMD in the function `emd_approx` in ./evaluation/evaluation_metrics.py


{'MMD-CD': tensor(0.0029, device='cuda:0', dtype=torch.float64), 'MMD-EMD': tensor(0., device='cuda:0', dtype=torch.float64)}
[1;34mwandb[0m: 
[1;34mwandb[0m: 🚀 View run [33mvague-snowflake-1721[0m at: [34mhttps://wandb.ai/rhys-newbury/diffuse_keypoints_test/runs/13xjqi19[0m
[1;34mwandb[0m: Find logs at: [1;35mwandb/run-20250402_020800-13xjqi19/logs[0m
Processing /app/data/keypoints/logs/misunderstood-wood-95/checkpoints/net_37600.pth
SETUP IS COMPLETE!!!!!!!!!!!!!!!!
dataset size 807
tensor(0.7096, device='cuda:0')
Normalization mode: shape_bbox
Normalization mode: shape_bbox


[WARNING]
  * EMD is not implemented due to GPU compatibility issue.
  * We will set all EMD to zero by default.
  * You may implement your own EMD in the function `emd_approx` in ./evaluation/evaluation_metrics.py


{'MMD-CD': tensor(0.0029, device='cuda:0', dtype=torch.float64), 'MMD-EMD': tensor(0., device='cuda:0', dtype=torch.float64)}
[1;34mwandb[0m: 
[1;34mwandb[0m: 🚀 View run [33mgenial-bee-1722[0m at: [34mhttps://wandb.ai/rhys-newbury/diffuse_keypoints_test/runs/s2xjpjz4[0m
[1;34mwandb[0m: Find logs at: [1;35mwandb/run-20250402_021222-s2xjpjz4/logs[0m
Processing /app/data/keypoints/logs/misunderstood-wood-95/checkpoints/net_37500.pth
SETUP IS COMPLETE!!!!!!!!!!!!!!!!
dataset size 807
tensor(0.7178, device='cuda:0')
Normalization mode: shape_bbox
Normalization mode: shape_bbox


[WARNING]
  * EMD is not implemented due to GPU compatibility issue.
  * We will set all EMD to zero by default.
  * You may implement your own EMD in the function `emd_approx` in ./evaluation/evaluation_metrics.py


{'MMD-CD': tensor(0.0027, device='cuda:0', dtype=torch.float64), 'MMD-EMD': tensor(0., device='cuda:0', dtype=torch.float64)}
[1;34mwandb[0m: 
[1;34mwandb[0m: 🚀 View run [33mconfused-river-1723[0m at: [34mhttps://wandb.ai/rhys-newbury/diffuse_keypoints_test/runs/hrhccrbe[0m
[1;34mwandb[0m: Find logs at: [1;35mwandb/run-20250402_021643-hrhccrbe/logs[0m
Processing /app/data/keypoints/logs/misunderstood-wood-95/checkpoints/net_37400.pth
SETUP IS COMPLETE!!!!!!!!!!!!!!!!
dataset size 807
tensor(0.7158, device='cuda:0')
Normalization mode: shape_bbox
Normalization mode: shape_bbox


[WARNING]
  * EMD is not implemented due to GPU compatibility issue.
  * We will set all EMD to zero by default.
  * You may implement your own EMD in the function `emd_approx` in ./evaluation/evaluation_metrics.py


{'MMD-CD': tensor(0.0028, device='cuda:0', dtype=torch.float64), 'MMD-EMD': tensor(0., device='cuda:0', dtype=torch.float64)}
[1;34mwandb[0m: 
[1;34mwandb[0m: 🚀 View run [33mstill-glade-1724[0m at: [34mhttps://wandb.ai/rhys-newbury/diffuse_keypoints_test/runs/km52w0lm[0m
[1;34mwandb[0m: Find logs at: [1;35mwandb/run-20250402_022105-km52w0lm/logs[0m
Processing /app/data/keypoints/logs/misunderstood-wood-95/checkpoints/net_37300.pth
SETUP IS COMPLETE!!!!!!!!!!!!!!!!
dataset size 807
tensor(0.7269, device='cuda:0')
Normalization mode: shape_bbox
Normalization mode: shape_bbox


[WARNING]
  * EMD is not implemented due to GPU compatibility issue.
  * We will set all EMD to zero by default.
  * You may implement your own EMD in the function `emd_approx` in ./evaluation/evaluation_metrics.py


{'MMD-CD': tensor(0.0028, device='cuda:0', dtype=torch.float64), 'MMD-EMD': tensor(0., device='cuda:0', dtype=torch.float64)}
[1;34mwandb[0m: 
[1;34mwandb[0m: 🚀 View run [33munique-surf-1725[0m at: [34mhttps://wandb.ai/rhys-newbury/diffuse_keypoints_test/runs/inmi5kkm[0m
[1;34mwandb[0m: Find logs at: [1;35mwandb/run-20250402_022526-inmi5kkm/logs[0m
Processing /app/data/keypoints/logs/misunderstood-wood-95/checkpoints/net_37200.pth
SETUP IS COMPLETE!!!!!!!!!!!!!!!!
dataset size 807
tensor(0.6944, device='cuda:0')
Normalization mode: shape_bbox
Normalization mode: shape_bbox


[WARNING]
  * EMD is not implemented due to GPU compatibility issue.
  * We will set all EMD to zero by default.
  * You may implement your own EMD in the function `emd_approx` in ./evaluation/evaluation_metrics.py


{'MMD-CD': tensor(0.0031, device='cuda:0', dtype=torch.float64), 'MMD-EMD': tensor(0., device='cuda:0', dtype=torch.float64)}
[1;34mwandb[0m: 
[1;34mwandb[0m: 🚀 View run [33mnoble-bee-1726[0m at: [34mhttps://wandb.ai/rhys-newbury/diffuse_keypoints_test/runs/eppp6b5r[0m
[1;34mwandb[0m: Find logs at: [1;35mwandb/run-20250402_022947-eppp6b5r/logs[0m
Processing /app/data/keypoints/logs/misunderstood-wood-95/checkpoints/net_37100.pth
SETUP IS COMPLETE!!!!!!!!!!!!!!!!
dataset size 807
tensor(0.7251, device='cuda:0')
Normalization mode: shape_bbox
Normalization mode: shape_bbox


[WARNING]
  * EMD is not implemented due to GPU compatibility issue.
  * We will set all EMD to zero by default.
  * You may implement your own EMD in the function `emd_approx` in ./evaluation/evaluation_metrics.py


{'MMD-CD': tensor(0.0028, device='cuda:0', dtype=torch.float64), 'MMD-EMD': tensor(0., device='cuda:0', dtype=torch.float64)}
[1;34mwandb[0m: 
[1;34mwandb[0m: 🚀 View run [33mcurious-water-1727[0m at: [34mhttps://wandb.ai/rhys-newbury/diffuse_keypoints_test/runs/fjlo29gk[0m
[1;34mwandb[0m: Find logs at: [1;35mwandb/run-20250402_023409-fjlo29gk/logs[0m
Processing /app/data/keypoints/logs/misunderstood-wood-95/checkpoints/net_37000.pth
SETUP IS COMPLETE!!!!!!!!!!!!!!!!
dataset size 807
tensor(0.6902, device='cuda:0')
Normalization mode: shape_bbox
Normalization mode: shape_bbox


[WARNING]
  * EMD is not implemented due to GPU compatibility issue.
  * We will set all EMD to zero by default.
  * You may implement your own EMD in the function `emd_approx` in ./evaluation/evaluation_metrics.py


{'MMD-CD': tensor(0.0029, device='cuda:0', dtype=torch.float64), 'MMD-EMD': tensor(0., device='cuda:0', dtype=torch.float64)}
[1;34mwandb[0m: 
[1;34mwandb[0m: 🚀 View run [33msuper-water-1728[0m at: [34mhttps://wandb.ai/rhys-newbury/diffuse_keypoints_test/runs/y2m80q3q[0m
[1;34mwandb[0m: Find logs at: [1;35mwandb/run-20250402_023855-y2m80q3q/logs[0m
Processing /app/data/keypoints/logs/misunderstood-wood-95/checkpoints/net_36900.pth
SETUP IS COMPLETE!!!!!!!!!!!!!!!!
dataset size 807
tensor(0.6958, device='cuda:0')
Normalization mode: shape_bbox
Normalization mode: shape_bbox


[WARNING]
  * EMD is not implemented due to GPU compatibility issue.
  * We will set all EMD to zero by default.
  * You may implement your own EMD in the function `emd_approx` in ./evaluation/evaluation_metrics.py


{'MMD-CD': tensor(0.0218, device='cuda:0', dtype=torch.float64), 'MMD-EMD': tensor(0., device='cuda:0', dtype=torch.float64)}
[1;34mwandb[0m: 
[1;34mwandb[0m: 🚀 View run [33mearthy-sponge-1729[0m at: [34mhttps://wandb.ai/rhys-newbury/diffuse_keypoints_test/runs/l3zeiwje[0m
[1;34mwandb[0m: Find logs at: [1;35mwandb/run-20250402_024349-l3zeiwje/logs[0m
Processing /app/data/keypoints/logs/misunderstood-wood-95/checkpoints/net_36800.pth
SETUP IS COMPLETE!!!!!!!!!!!!!!!!
dataset size 807
tensor(0.7279, device='cuda:0')
Normalization mode: shape_bbox
Normalization mode: shape_bbox


[WARNING]
  * EMD is not implemented due to GPU compatibility issue.
  * We will set all EMD to zero by default.
  * You may implement your own EMD in the function `emd_approx` in ./evaluation/evaluation_metrics.py


{'MMD-CD': tensor(0.0247, device='cuda:0', dtype=torch.float64), 'MMD-EMD': tensor(0., device='cuda:0', dtype=torch.float64)}
[1;34mwandb[0m: 
[1;34mwandb[0m: 🚀 View run [33mupbeat-smoke-1730[0m at: [34mhttps://wandb.ai/rhys-newbury/diffuse_keypoints_test/runs/zviprre1[0m
[1;34mwandb[0m: Find logs at: [1;35mwandb/run-20250402_024833-zviprre1/logs[0m
Processing /app/data/keypoints/logs/misunderstood-wood-95/checkpoints/net_36700.pth
SETUP IS COMPLETE!!!!!!!!!!!!!!!!
dataset size 807
tensor(0.7049, device='cuda:0')
Normalization mode: shape_bbox
Normalization mode: shape_bbox


[WARNING]
  * EMD is not implemented due to GPU compatibility issue.
  * We will set all EMD to zero by default.
  * You may implement your own EMD in the function `emd_approx` in ./evaluation/evaluation_metrics.py


{'MMD-CD': tensor(0.0194, device='cuda:0', dtype=torch.float64), 'MMD-EMD': tensor(0., device='cuda:0', dtype=torch.float64)}
[1;34mwandb[0m: 
[1;34mwandb[0m: 🚀 View run [33msandy-water-1731[0m at: [34mhttps://wandb.ai/rhys-newbury/diffuse_keypoints_test/runs/dvrj9iyk[0m
[1;34mwandb[0m: Find logs at: [1;35mwandb/run-20250402_025315-dvrj9iyk/logs[0m
Processing /app/data/keypoints/logs/misunderstood-wood-95/checkpoints/net_36600.pth
SETUP IS COMPLETE!!!!!!!!!!!!!!!!
dataset size 807
tensor(0.7280, device='cuda:0')
Normalization mode: shape_bbox
Normalization mode: shape_bbox


[WARNING]
  * EMD is not implemented due to GPU compatibility issue.
  * We will set all EMD to zero by default.
  * You may implement your own EMD in the function `emd_approx` in ./evaluation/evaluation_metrics.py


{'MMD-CD': tensor(0.0188, device='cuda:0', dtype=torch.float64), 'MMD-EMD': tensor(0., device='cuda:0', dtype=torch.float64)}
[1;34mwandb[0m: 
[1;34mwandb[0m: 🚀 View run [33mwandering-hill-1732[0m at: [34mhttps://wandb.ai/rhys-newbury/diffuse_keypoints_test/runs/kvm65rk9[0m
[1;34mwandb[0m: Find logs at: [1;35mwandb/run-20250402_025830-kvm65rk9/logs[0m
Processing /app/data/keypoints/logs/misunderstood-wood-95/checkpoints/net_36500.pth
SETUP IS COMPLETE!!!!!!!!!!!!!!!!
[1;34mwandb[0m: 
[1;34mwandb[0m: 🚀 View run [33mbright-galaxy-1733[0m at: [34mhttps://wandb.ai/rhys-newbury/diffuse_keypoints_test/runs/mgbjb42e[0m
[1;34mwandb[0m: Find logs at: [1;35mwandb/run-20250402_030325-mgbjb42e/logs[0m
Processing /app/data/keypoints/logs/misunderstood-wood-95/checkpoints/net_36400.pth
